Using pre-set license
Built from '2023.1/staging' branch; Version is '2023.1.19f1 (629111e352bc) revision 6459665'; Using compiler version '192829333'; Build Type 'Release'
OS: 'Windows 11  (10.0.26100) 64bit Core' Language: 'en' Physical Memory: 65312 MB
BatchMode: 1, IsHumanControllingUs: 0, StartBugReporterOnCrash: 0, Is64bit: 1, IsPro: 1

COMMAND LINE ARGUMENTS:
C:\Program Files\Unity 2023.1.19f1\Editor\Unity.exe
-adb2
-batchMode
-noUpm
-name
AssetImportWorker0
-projectPath
C:/Users/Simon's PC/Documents/GitHub/DungeonGame/My project
-logFile
Logs/AssetImportWorker0.log
-srvPort
65306
Successfully changed project path to: C:/Users/Simon's PC/Documents/GitHub/DungeonGame/My project
C:/Users/Simon's PC/Documents/GitHub/DungeonGame/My project
[UnityMemory] Configuration Parameters - Can be set up in boot.config
    "memorysetup-bucket-allocator-granularity=16"
    "memorysetup-bucket-allocator-bucket-count=8"
    "memorysetup-bucket-allocator-block-size=33554432"
    "memorysetup-bucket-allocator-block-count=8"
    "memorysetup-main-allocator-block-size=16777216"
    "memorysetup-thread-allocator-block-size=16777216"
    "memorysetup-gfx-main-allocator-block-size=16777216"
    "memorysetup-gfx-thread-allocator-block-size=16777216"
    "memorysetup-cache-allocator-block-size=4194304"
    "memorysetup-typetree-allocator-block-size=2097152"
    "memorysetup-profiler-bucket-allocator-granularity=16"
    "memorysetup-profiler-bucket-allocator-bucket-count=8"
    "memorysetup-profiler-bucket-allocator-block-size=33554432"
    "memorysetup-profiler-bucket-allocator-block-count=8"
    "memorysetup-profiler-allocator-block-size=16777216"
    "memorysetup-profiler-editor-allocator-block-size=1048576"
    "memorysetup-temp-allocator-size-main=16777216"
    "memorysetup-job-temp-allocator-block-size=2097152"
    "memorysetup-job-temp-allocator-block-size-background=1048576"
    "memorysetup-job-temp-allocator-reduction-small-platforms=262144"
    "memorysetup-allocator-temp-initial-block-size-main=262144"
    "memorysetup-allocator-temp-initial-block-size-worker=262144"
    "memorysetup-temp-allocator-size-background-worker=32768"
    "memorysetup-temp-allocator-size-job-worker=262144"
    "memorysetup-temp-allocator-size-preload-manager=33554432"
    "memorysetup-temp-allocator-size-nav-mesh-worker=65536"
    "memorysetup-temp-allocator-size-audio-worker=65536"
    "memorysetup-temp-allocator-size-cloud-worker=32768"
    "memorysetup-temp-allocator-size-gi-baking-worker=262144"
    "memorysetup-temp-allocator-size-gfx=262144"
Player connection [34132] Host "[IP] 192.168.1.154 [Port] 0 [Flags] 2 [Guid] 912893318 [EditorId] 912893318 [Version] 1048832 [Id] WindowsEditor(7,DESKTOP-AO94N0V) [Debug] 1 [PackageName] WindowsEditor [ProjectName] Editor" joined multi-casting on [225.0.0.222:54997]...

Player connection [34132] Host "[IP] 192.168.1.154 [Port] 0 [Flags] 2 [Guid] 912893318 [EditorId] 912893318 [Version] 1048832 [Id] WindowsEditor(7,DESKTOP-AO94N0V) [Debug] 1 [PackageName] WindowsEditor [ProjectName] Editor" joined alternative multi-casting on [225.0.0.222:34997]...

[Physics::Module] Initialized MultithreadedJobDispatcher with 23 workers.
Library Redirect Path: Library/Refreshing native plugins compatible for Editor in 2491.23 ms, found 3 plugins.
Preloading 0 native plugins for Editor in 0.00 ms.
Initialize engine version: 2023.1.19f1 (629111e352bc)
[Subsystems] Discovering subsystems at path C:/Program Files/Unity 2023.1.19f1/Editor/Data/Resources/UnitySubsystems
[Subsystems] Discovering subsystems at path C:/Users/Simon's PC/Documents/GitHub/DungeonGame/My project/Assets
GfxDevice: creating device client; threaded=0; jobified=0
Direct3D:
    Version:  Direct3D 11.0 [level 11.1]
    Renderer: NVIDIA GeForce RTX 4070 Ti (ID=0x2782)
    Vendor:   NVIDIA
    VRAM:     11996 MB
    Driver:   32.0.15.6094
Initialize mono
Mono path[0] = 'C:/Program Files/Unity 2023.1.19f1/Editor/Data/Managed'
Mono path[1] = 'C:/Program Files/Unity 2023.1.19f1/Editor/Data/MonoBleedingEdge/lib/mono/unityjit-win32'
Mono config path = 'C:/Program Files/Unity 2023.1.19f1/Editor/Data/MonoBleedingEdge/etc'
Using monoOptions --debugger-agent=transport=dt_socket,embedding=1,server=y,suspend=n,address=127.0.0.1:56544
Begin MonoManager ReloadAssembly
C:\build\output\Unity-Technologies\mono\mono\metadata\icall.c:1842:
C:\build\output\Unity-Technologies\mono\mono\metadata\icall.c:1842:
C:\build\output\Unity-Technologies\mono\mono\metadata\icall.c:1842:
C:\build\output\Unity-Technologies\mono\mono\metadata\icall.c:1842:
C:\build\output\Unity-Technologies\mono\mono\metadata\icall.c:1842:
C:\build\output\Unity-Technologies\mono\mono\metadata\icall.c:1842:
C:\build\output\Unity-Technologies\mono\mono\metadata\icall.c:1842:
C:\build\output\Unity-Technologies\mono\mono\metadata\icall.c:1842:
C:\build\output\Unity-Technologies\mono\mono\metadata\icall.c:1842:
C:\build\output\Unity-Technologies\mono\mono\metadata\icall.c:1842:
Registering precompiled unity dll's ...
Register platform support module: C:/Program Files/Unity 2023.1.19f1/Editor/Data/PlaybackEngines/WindowsStandaloneSupport/UnityEditor.WindowsStandalone.Extensions.dll
Registered in 0.107958 seconds.
- Loaded All Assemblies, in  6.610 seconds
Native extension for WindowsStandalone target not found
Mono: successfully reloaded assembly
C:\build\output\Unity-Technologies\mono\mono\metadata\icall.c:1842:
C:\build\output\Unity-Technologies\mono\mono\metadata\icall.c:1842:
- Finished resetting the current domain, in  0.168 seconds
Domain Reload Profiling: 6778ms
	BeginReloadAssembly (5496ms)
		ExecutionOrderSort (0ms)
		DisableScriptedObjects (0ms)
		BackupInstance (0ms)
		ReleaseScriptingObjects (0ms)
		CreateAndSetChildDomain (0ms)
	RebuildCommonClasses (264ms)
	RebuildNativeTypeToScriptingClass (6ms)
	initialDomainReloadingComplete (135ms)
	LoadAllAssembliesAndSetupDomain (708ms)
		LoadAssemblies (5495ms)
		RebuildTransferFunctionScriptingTraits (0ms)
		AnalyzeDomain (706ms)
			TypeCache.Refresh (705ms)
				TypeCache.ScanAssembly (452ms)
			ScanForSourceGeneratedMonoScriptInfo (0ms)
			ResolveRequiredComponents (0ms)
	FinalizeReload (168ms)
		ReleaseScriptCaches (0ms)
		RebuildScriptCaches (0ms)
		SetupLoadedEditorAssemblies (142ms)
			LogAssemblyErrors (0ms)
			InitializePlatformSupportModulesInManaged (5ms)
			SetLoadedEditorAssemblies (3ms)
			BeforeProcessingInitializeOnLoad (5ms)
			ProcessInitializeOnLoadAttributes (95ms)
			ProcessInitializeOnLoadMethodAttributes (33ms)
			AfterProcessingInitializeOnLoad (0ms)
			EditorAssembliesLoaded (0ms)
		ExecutionOrderSort2 (0ms)
		AwakeInstancesAfterBackupRestoration (0ms)
========================================================================
Worker process is ready to serve import requests
Import Worker Mode flag is 0x00
Begin MonoManager ReloadAssembly
C:\build\output\Unity-Technologies\mono\mono\metadata\icall.c:1842:
C:\build\output\Unity-Technologies\mono\mono\metadata\icall.c:1842:
C:\build\output\Unity-Technologies\mono\mono\metadata\icall.c:1842:
C:\build\output\Unity-Technologies\mono\mono\metadata\icall.c:1842:
C:\build\output\Unity-Technologies\mono\mono\metadata\icall.c:1842:
C:\build\output\Unity-Technologies\mono\mono\metadata\icall.c:1842:
C:\build\output\Unity-Technologies\mono\mono\metadata\icall.c:1842:
C:\build\output\Unity-Technologies\mono\mono\metadata\icall.c:1842:
C:\build\output\Unity-Technologies\mono\mono\metadata\icall.c:1842:
C:\build\output\Unity-Technologies\mono\mono\metadata\icall.c:1842:
C:\build\output\Unity-Technologies\mono\mono\metadata\icall.c:1842:
C:\build\output\Unity-Technologies\mono\mono\metadata\icall.c:1842:
Symbol file LoadedFromMemory is not a mono symbol file
- Loaded All Assemblies, in  5.672 seconds
Refreshing native plugins compatible for Editor in 1.98 ms, found 3 plugins.
Native extension for WindowsStandalone target not found
Mono: successfully reloaded assembly
- Finished resetting the current domain, in  0.427 seconds
Domain Reload Profiling: 6098ms
	BeginReloadAssembly (159ms)
		ExecutionOrderSort (0ms)
		DisableScriptedObjects (3ms)
		BackupInstance (0ms)
		ReleaseScriptingObjects (0ms)
		CreateAndSetChildDomain (19ms)
	RebuildCommonClasses (19ms)
	RebuildNativeTypeToScriptingClass (6ms)
	initialDomainReloadingComplete (22ms)
	LoadAllAssembliesAndSetupDomain (5465ms)
		LoadAssemblies (5016ms)
		RebuildTransferFunctionScriptingTraits (0ms)
		AnalyzeDomain (500ms)
			TypeCache.Refresh (488ms)
				TypeCache.ScanAssembly (431ms)
			ScanForSourceGeneratedMonoScriptInfo (9ms)
			ResolveRequiredComponents (3ms)
	FinalizeReload (427ms)
		ReleaseScriptCaches (0ms)
		RebuildScriptCaches (0ms)
		SetupLoadedEditorAssemblies (320ms)
			LogAssemblyErrors (0ms)
			InitializePlatformSupportModulesInManaged (4ms)
			SetLoadedEditorAssemblies (3ms)
			BeforeProcessingInitializeOnLoad (68ms)
			ProcessInitializeOnLoadAttributes (231ms)
			ProcessInitializeOnLoadMethodAttributes (13ms)
			AfterProcessingInitializeOnLoad (2ms)
			EditorAssembliesLoaded (0ms)
		ExecutionOrderSort2 (0ms)
		AwakeInstancesAfterBackupRestoration (4ms)
Launched and connected shader compiler UnityShaderCompiler.exe after 0.01 seconds
Refreshing native plugins compatible for Editor in 2.09 ms, found 3 plugins.
Preloading 0 native plugins for Editor in 0.00 ms.
Unloading 3477 Unused Serialized files (Serialized files now loaded: 0)
Unloading 71 unused Assets / (1.1 MB). Loaded Objects now: 3993.
Memory consumption went from 154.4 MB to 153.3 MB.
Total: 2.854900 ms (FindLiveObjects: 0.141400 ms CreateObjectMapping: 0.047800 ms MarkObjects: 2.480900 ms  DeleteObjects: 0.184100 ms)

AssetImportParameters requested are different than current active one (requested -> active):
  custom:video-decoder-webm-vp8: 9c59270c3fd7afecdb556c50c9e8de78 -> 
  custom:SearchIndexIgnoredProperties: e643bd26f0fe6173181afceb89e7c659 -> 
  custom:audio-encoder-webm-vorbis: bf7c407c2cedff20999df2af8eb42d56 -> 
  custom:AudioImporter_EditorPlatform: d09bf68614088b80899f8185d706f6e7 -> 
  custom:audio-decoder-ogg-vorbis: bf7c407c2cedff20999df2af8eb42d56 -> 
  custom:video-encoder-webm-vp8: eb34c28f22e8b96e1ab97ce403110664 -> 
  custom:container-demuxer-ogg: 62fdf1f143b41e24485cea50d1cbac27 -> 
  custom:framework-win-MediaFoundation: 216162199b28c13a410421893ffa2e32 -> 
  custom:video-decoder-ogg-theora: a1e56fd34408186e4bbccfd4996cb3dc -> 
  custom:container-muxer-webm: aa71ff27fc2769a1b78a27578f13a17b -> 
  custom:CustomObjectIndexerAttribute: 756ad292c208cfabdd7b50bc23989ffe -> 
  custom:container-demuxer-webm: 4f35f7cbe854078d1ac9338744f61a02 -> 
========================================================================
Received Import Request.
  Time since last request: 464316.203930 seconds.
  path: Assets/Rooms/Prefabs/Corners/br.prefab
  artifactKey: Guid(7c7d912f7bc7d43fe9e12d2f385f23dc) Importer(815301076,1909f56bfc062723c751e8b465ee728b)
Start importing Assets/Rooms/Prefabs/Corners/br.prefab using Guid(7c7d912f7bc7d43fe9e12d2f385f23dc) Importer(815301076,1909f56bfc062723c751e8b465ee728b)  -> (artifact id: '1b833ce7c149317da15ac79ed8d71ce2') in 0.087977 seconds
Number of updated asset objects reloaded before import = 0
Number of asset objects unloaded after import = 532
========================================================================
Received Prepare
Begin MonoManager ReloadAssembly
C:\build\output\Unity-Technologies\mono\mono\metadata\icall.c:1842:
C:\build\output\Unity-Technologies\mono\mono\metadata\icall.c:1842:
C:\build\output\Unity-Technologies\mono\mono\metadata\icall.c:1842:
C:\build\output\Unity-Technologies\mono\mono\metadata\icall.c:1842:
C:\build\output\Unity-Technologies\mono\mono\metadata\icall.c:1842:
C:\build\output\Unity-Technologies\mono\mono\metadata\icall.c:1842:
C:\build\output\Unity-Technologies\mono\mono\metadata\icall.c:1842:
C:\build\output\Unity-Technologies\mono\mono\metadata\icall.c:1842:
C:\build\output\Unity-Technologies\mono\mono\metadata\icall.c:1842:
C:\build\output\Unity-Technologies\mono\mono\metadata\icall.c:1842:
C:\build\output\Unity-Technologies\mono\mono\metadata\icall.c:1842:
C:\build\output\Unity-Technologies\mono\mono\metadata\icall.c:1842:
Symbol file LoadedFromMemory is not a mono symbol file
- Loaded All Assemblies, in  0.471 seconds
Refreshing native plugins compatible for Editor in 2.10 ms, found 3 plugins.
Native extension for WindowsStandalone target not found
Mono: successfully reloaded assembly
- Finished resetting the current domain, in  0.494 seconds
Domain Reload Profiling: 964ms
	BeginReloadAssembly (112ms)
		ExecutionOrderSort (0ms)
		DisableScriptedObjects (3ms)
		BackupInstance (0ms)
		ReleaseScriptingObjects (0ms)
		CreateAndSetChildDomain (30ms)
	RebuildCommonClasses (19ms)
	RebuildNativeTypeToScriptingClass (8ms)
	initialDomainReloadingComplete (16ms)
	LoadAllAssembliesAndSetupDomain (315ms)
		LoadAssemblies (195ms)
		RebuildTransferFunctionScriptingTraits (0ms)
		AnalyzeDomain (171ms)
			TypeCache.Refresh (168ms)
				TypeCache.ScanAssembly (160ms)
			ScanForSourceGeneratedMonoScriptInfo (0ms)
			ResolveRequiredComponents (3ms)
	FinalizeReload (495ms)
		ReleaseScriptCaches (0ms)
		RebuildScriptCaches (0ms)
		SetupLoadedEditorAssemblies (272ms)
			LogAssemblyErrors (0ms)
			InitializePlatformSupportModulesInManaged (3ms)
			SetLoadedEditorAssemblies (2ms)
			BeforeProcessingInitializeOnLoad (67ms)
			ProcessInitializeOnLoadAttributes (185ms)
			ProcessInitializeOnLoadMethodAttributes (11ms)
			AfterProcessingInitializeOnLoad (2ms)
			EditorAssembliesLoaded (0ms)
		ExecutionOrderSort2 (0ms)
		AwakeInstancesAfterBackupRestoration (4ms)
Refreshing native plugins compatible for Editor in 1.99 ms, found 3 plugins.
Preloading 0 native plugins for Editor in 0.00 ms.
Unloading 3440 Unused Serialized files (Serialized files now loaded: 0)
Unloading 49 unused Assets / (1.1 MB). Loaded Objects now: 4015.
Memory consumption went from 147.3 MB to 146.2 MB.
Total: 2.365700 ms (FindLiveObjects: 0.131000 ms CreateObjectMapping: 0.047100 ms MarkObjects: 2.040500 ms  DeleteObjects: 0.146200 ms)

Prepare: number of updated asset objects reloaded= 0
AssetImportParameters requested are different than current active one (requested -> active):
  custom:video-decoder-webm-vp8: 9c59270c3fd7afecdb556c50c9e8de78 -> 
  custom:SearchIndexIgnoredProperties: e643bd26f0fe6173181afceb89e7c659 -> 
  custom:audio-encoder-webm-vorbis: bf7c407c2cedff20999df2af8eb42d56 -> 
  custom:AudioImporter_EditorPlatform: d09bf68614088b80899f8185d706f6e7 -> 
  custom:audio-decoder-ogg-vorbis: bf7c407c2cedff20999df2af8eb42d56 -> 
  custom:video-encoder-webm-vp8: eb34c28f22e8b96e1ab97ce403110664 -> 
  custom:container-demuxer-ogg: 62fdf1f143b41e24485cea50d1cbac27 -> 
  custom:framework-win-MediaFoundation: 216162199b28c13a410421893ffa2e32 -> 
  custom:video-decoder-ogg-theora: a1e56fd34408186e4bbccfd4996cb3dc -> 
  custom:container-muxer-webm: aa71ff27fc2769a1b78a27578f13a17b -> 
  custom:CustomObjectIndexerAttribute: 756ad292c208cfabdd7b50bc23989ffe -> 
  custom:container-demuxer-webm: 4f35f7cbe854078d1ac9338744f61a02 -> 
========================================================================
Received Prepare
Begin MonoManager ReloadAssembly
C:\build\output\Unity-Technologies\mono\mono\metadata\icall.c:1842:
C:\build\output\Unity-Technologies\mono\mono\metadata\icall.c:1842:
C:\build\output\Unity-Technologies\mono\mono\metadata\icall.c:1842:
C:\build\output\Unity-Technologies\mono\mono\metadata\icall.c:1842:
C:\build\output\Unity-Technologies\mono\mono\metadata\icall.c:1842:
C:\build\output\Unity-Technologies\mono\mono\metadata\icall.c:1842:
C:\build\output\Unity-Technologies\mono\mono\metadata\icall.c:1842:
C:\build\output\Unity-Technologies\mono\mono\metadata\icall.c:1842:
C:\build\output\Unity-Technologies\mono\mono\metadata\icall.c:1842:
C:\build\output\Unity-Technologies\mono\mono\metadata\icall.c:1842:
C:\build\output\Unity-Technologies\mono\mono\metadata\icall.c:1842:
C:\build\output\Unity-Technologies\mono\mono\metadata\icall.c:1842:
Symbol file LoadedFromMemory is not a mono symbol file
- Loaded All Assemblies, in  2.456 seconds
Refreshing native plugins compatible for Editor in 2.77 ms, found 3 plugins.
Native extension for WindowsStandalone target not found
Mono: successfully reloaded assembly
- Finished resetting the current domain, in  7.455 seconds
Domain Reload Profiling: 9909ms
	BeginReloadAssembly (111ms)
		ExecutionOrderSort (0ms)
		DisableScriptedObjects (3ms)
		BackupInstance (0ms)
		ReleaseScriptingObjects (0ms)
		CreateAndSetChildDomain (29ms)
	RebuildCommonClasses (19ms)
	RebuildNativeTypeToScriptingClass (6ms)
	initialDomainReloadingComplete (17ms)
	LoadAllAssembliesAndSetupDomain (2301ms)
		LoadAssemblies (2023ms)
		RebuildTransferFunctionScriptingTraits (0ms)
		AnalyzeDomain (331ms)
			TypeCache.Refresh (327ms)
				TypeCache.ScanAssembly (263ms)
			ScanForSourceGeneratedMonoScriptInfo (0ms)
			ResolveRequiredComponents (4ms)
	FinalizeReload (7455ms)
		ReleaseScriptCaches (0ms)
		RebuildScriptCaches (0ms)
		SetupLoadedEditorAssemblies (310ms)
			LogAssemblyErrors (0ms)
			InitializePlatformSupportModulesInManaged (4ms)
			SetLoadedEditorAssemblies (3ms)
			BeforeProcessingInitializeOnLoad (77ms)
			ProcessInitializeOnLoadAttributes (210ms)
			ProcessInitializeOnLoadMethodAttributes (14ms)
			AfterProcessingInitializeOnLoad (2ms)
			EditorAssembliesLoaded (0ms)
		ExecutionOrderSort2 (0ms)
		AwakeInstancesAfterBackupRestoration (4ms)
Refreshing native plugins compatible for Editor in 2.76 ms, found 3 plugins.
Preloading 0 native plugins for Editor in 0.00 ms.
Unloading 3441 Unused Serialized files (Serialized files now loaded: 0)
Unloading 49 unused Assets / (1.1 MB). Loaded Objects now: 4028.
Memory consumption went from 149.5 MB to 148.4 MB.
Total: 2.427800 ms (FindLiveObjects: 0.136100 ms CreateObjectMapping: 0.041000 ms MarkObjects: 2.100200 ms  DeleteObjects: 0.149700 ms)

Prepare: number of updated asset objects reloaded= 0
AssetImportParameters requested are different than current active one (requested -> active):
  custom:video-decoder-webm-vp8: 9c59270c3fd7afecdb556c50c9e8de78 -> 
  custom:SearchIndexIgnoredProperties: e643bd26f0fe6173181afceb89e7c659 -> 
  custom:audio-encoder-webm-vorbis: bf7c407c2cedff20999df2af8eb42d56 -> 
  custom:AudioImporter_EditorPlatform: d09bf68614088b80899f8185d706f6e7 -> 
  custom:audio-decoder-ogg-vorbis: bf7c407c2cedff20999df2af8eb42d56 -> 
  custom:video-encoder-webm-vp8: eb34c28f22e8b96e1ab97ce403110664 -> 
  custom:container-demuxer-ogg: 62fdf1f143b41e24485cea50d1cbac27 -> 
  custom:framework-win-MediaFoundation: 216162199b28c13a410421893ffa2e32 -> 
  custom:video-decoder-ogg-theora: a1e56fd34408186e4bbccfd4996cb3dc -> 
  custom:container-muxer-webm: aa71ff27fc2769a1b78a27578f13a17b -> 
  custom:CustomObjectIndexerAttribute: 756ad292c208cfabdd7b50bc23989ffe -> 
  custom:container-demuxer-webm: 4f35f7cbe854078d1ac9338744f61a02 -> 
========================================================================
Received Prepare
Begin MonoManager ReloadAssembly
C:\build\output\Unity-Technologies\mono\mono\metadata\icall.c:1842:
C:\build\output\Unity-Technologies\mono\mono\metadata\icall.c:1842:
C:\build\output\Unity-Technologies\mono\mono\metadata\icall.c:1842:
C:\build\output\Unity-Technologies\mono\mono\metadata\icall.c:1842:
C:\build\output\Unity-Technologies\mono\mono\metadata\icall.c:1842:
C:\build\output\Unity-Technologies\mono\mono\metadata\icall.c:1842:
C:\build\output\Unity-Technologies\mono\mono\metadata\icall.c:1842:
C:\build\output\Unity-Technologies\mono\mono\metadata\icall.c:1842:
C:\build\output\Unity-Technologies\mono\mono\metadata\icall.c:1842:
C:\build\output\Unity-Technologies\mono\mono\metadata\icall.c:1842:
C:\build\output\Unity-Technologies\mono\mono\metadata\icall.c:1842:
C:\build\output\Unity-Technologies\mono\mono\metadata\icall.c:1842:
Symbol file LoadedFromMemory is not a mono symbol file
- Loaded All Assemblies, in  0.454 seconds
Refreshing native plugins compatible for Editor in 1.91 ms, found 3 plugins.
Native extension for WindowsStandalone target not found
Mono: successfully reloaded assembly
- Finished resetting the current domain, in  0.490 seconds
Domain Reload Profiling: 943ms
	BeginReloadAssembly (107ms)
		ExecutionOrderSort (0ms)
		DisableScriptedObjects (3ms)
		BackupInstance (0ms)
		ReleaseScriptingObjects (0ms)
		CreateAndSetChildDomain (26ms)
	RebuildCommonClasses (18ms)
	RebuildNativeTypeToScriptingClass (7ms)
	initialDomainReloadingComplete (15ms)
	LoadAllAssembliesAndSetupDomain (305ms)
		LoadAssemblies (189ms)
		RebuildTransferFunctionScriptingTraits (0ms)
		AnalyzeDomain (168ms)
			TypeCache.Refresh (165ms)
				TypeCache.ScanAssembly (157ms)
			ScanForSourceGeneratedMonoScriptInfo (0ms)
			ResolveRequiredComponents (3ms)
	FinalizeReload (490ms)
		ReleaseScriptCaches (0ms)
		RebuildScriptCaches (0ms)
		SetupLoadedEditorAssemblies (272ms)
			LogAssemblyErrors (0ms)
			InitializePlatformSupportModulesInManaged (4ms)
			SetLoadedEditorAssemblies (2ms)
			BeforeProcessingInitializeOnLoad (67ms)
			ProcessInitializeOnLoadAttributes (186ms)
			ProcessInitializeOnLoadMethodAttributes (11ms)
			AfterProcessingInitializeOnLoad (2ms)
			EditorAssembliesLoaded (0ms)
		ExecutionOrderSort2 (0ms)
		AwakeInstancesAfterBackupRestoration (3ms)
Refreshing native plugins compatible for Editor in 1.89 ms, found 3 plugins.
Preloading 0 native plugins for Editor in 0.00 ms.
Unloading 3441 Unused Serialized files (Serialized files now loaded: 0)
Unloading 49 unused Assets / (1.1 MB). Loaded Objects now: 4041.
Memory consumption went from 151.4 MB to 150.4 MB.
Total: 2.323100 ms (FindLiveObjects: 0.125700 ms CreateObjectMapping: 0.043200 ms MarkObjects: 2.014700 ms  DeleteObjects: 0.138600 ms)

Prepare: number of updated asset objects reloaded= 0
AssetImportParameters requested are different than current active one (requested -> active):
  custom:video-decoder-webm-vp8: 9c59270c3fd7afecdb556c50c9e8de78 -> 
  custom:SearchIndexIgnoredProperties: e643bd26f0fe6173181afceb89e7c659 -> 
  custom:audio-encoder-webm-vorbis: bf7c407c2cedff20999df2af8eb42d56 -> 
  custom:AudioImporter_EditorPlatform: d09bf68614088b80899f8185d706f6e7 -> 
  custom:audio-decoder-ogg-vorbis: bf7c407c2cedff20999df2af8eb42d56 -> 
  custom:video-encoder-webm-vp8: eb34c28f22e8b96e1ab97ce403110664 -> 
  custom:container-demuxer-ogg: 62fdf1f143b41e24485cea50d1cbac27 -> 
  custom:framework-win-MediaFoundation: 216162199b28c13a410421893ffa2e32 -> 
  custom:video-decoder-ogg-theora: a1e56fd34408186e4bbccfd4996cb3dc -> 
  custom:container-muxer-webm: aa71ff27fc2769a1b78a27578f13a17b -> 
  custom:CustomObjectIndexerAttribute: 756ad292c208cfabdd7b50bc23989ffe -> 
  custom:container-demuxer-webm: 4f35f7cbe854078d1ac9338744f61a02 -> 
========================================================================
Received Prepare
Begin MonoManager ReloadAssembly
C:\build\output\Unity-Technologies\mono\mono\metadata\icall.c:1842:
C:\build\output\Unity-Technologies\mono\mono\metadata\icall.c:1842:
C:\build\output\Unity-Technologies\mono\mono\metadata\icall.c:1842:
C:\build\output\Unity-Technologies\mono\mono\metadata\icall.c:1842:
C:\build\output\Unity-Technologies\mono\mono\metadata\icall.c:1842:
C:\build\output\Unity-Technologies\mono\mono\metadata\icall.c:1842:
C:\build\output\Unity-Technologies\mono\mono\metadata\icall.c:1842:
C:\build\output\Unity-Technologies\mono\mono\metadata\icall.c:1842:
C:\build\output\Unity-Technologies\mono\mono\metadata\icall.c:1842:
C:\build\output\Unity-Technologies\mono\mono\metadata\icall.c:1842:
C:\build\output\Unity-Technologies\mono\mono\metadata\icall.c:1842:
C:\build\output\Unity-Technologies\mono\mono\metadata\icall.c:1842:
Symbol file LoadedFromMemory is not a mono symbol file
- Loaded All Assemblies, in  0.444 seconds
Refreshing native plugins compatible for Editor in 2.25 ms, found 3 plugins.
Native extension for WindowsStandalone target not found
Mono: successfully reloaded assembly
- Finished resetting the current domain, in  0.501 seconds
Domain Reload Profiling: 943ms
	BeginReloadAssembly (104ms)
		ExecutionOrderSort (0ms)
		DisableScriptedObjects (3ms)
		BackupInstance (0ms)
		ReleaseScriptingObjects (0ms)
		CreateAndSetChildDomain (27ms)
	RebuildCommonClasses (18ms)
	RebuildNativeTypeToScriptingClass (7ms)
	initialDomainReloadingComplete (15ms)
	LoadAllAssembliesAndSetupDomain (299ms)
		LoadAssemblies (185ms)
		RebuildTransferFunctionScriptingTraits (0ms)
		AnalyzeDomain (163ms)
			TypeCache.Refresh (159ms)
				TypeCache.ScanAssembly (152ms)
			ScanForSourceGeneratedMonoScriptInfo (0ms)
			ResolveRequiredComponents (3ms)
	FinalizeReload (501ms)
		ReleaseScriptCaches (0ms)
		RebuildScriptCaches (0ms)
		SetupLoadedEditorAssemblies (274ms)
			LogAssemblyErrors (0ms)
			InitializePlatformSupportModulesInManaged (4ms)
			SetLoadedEditorAssemblies (3ms)
			BeforeProcessingInitializeOnLoad (70ms)
			ProcessInitializeOnLoadAttributes (185ms)
			ProcessInitializeOnLoadMethodAttributes (11ms)
			AfterProcessingInitializeOnLoad (2ms)
			EditorAssembliesLoaded (0ms)
		ExecutionOrderSort2 (0ms)
		AwakeInstancesAfterBackupRestoration (3ms)
Refreshing native plugins compatible for Editor in 2.07 ms, found 3 plugins.
Preloading 0 native plugins for Editor in 0.00 ms.
Unloading 3441 Unused Serialized files (Serialized files now loaded: 0)
Unloading 49 unused Assets / (1.1 MB). Loaded Objects now: 4054.
Memory consumption went from 153.4 MB to 152.3 MB.
Total: 2.603400 ms (FindLiveObjects: 0.125300 ms CreateObjectMapping: 0.043700 ms MarkObjects: 2.288100 ms  DeleteObjects: 0.145900 ms)

Prepare: number of updated asset objects reloaded= 0
AssetImportParameters requested are different than current active one (requested -> active):
  custom:video-decoder-webm-vp8: 9c59270c3fd7afecdb556c50c9e8de78 -> 
  custom:SearchIndexIgnoredProperties: e643bd26f0fe6173181afceb89e7c659 -> 
  custom:audio-encoder-webm-vorbis: bf7c407c2cedff20999df2af8eb42d56 -> 
  custom:AudioImporter_EditorPlatform: d09bf68614088b80899f8185d706f6e7 -> 
  custom:audio-decoder-ogg-vorbis: bf7c407c2cedff20999df2af8eb42d56 -> 
  custom:video-encoder-webm-vp8: eb34c28f22e8b96e1ab97ce403110664 -> 
  custom:container-demuxer-ogg: 62fdf1f143b41e24485cea50d1cbac27 -> 
  custom:framework-win-MediaFoundation: 216162199b28c13a410421893ffa2e32 -> 
  custom:video-decoder-ogg-theora: a1e56fd34408186e4bbccfd4996cb3dc -> 
  custom:container-muxer-webm: aa71ff27fc2769a1b78a27578f13a17b -> 
  custom:CustomObjectIndexerAttribute: 756ad292c208cfabdd7b50bc23989ffe -> 
  custom:container-demuxer-webm: 4f35f7cbe854078d1ac9338744f61a02 -> 
========================================================================
Received Import Request.
  Time since last request: 1830.807402 seconds.
  path: Assets/Rooms/Prefabs/1Door/Materials/ltexture.mat
  artifactKey: Guid(fe2ee76c65d96445fbc37bb1840efb93) Importer(815301076,1909f56bfc062723c751e8b465ee728b)
Start importing Assets/Rooms/Prefabs/1Door/Materials/ltexture.mat using Guid(fe2ee76c65d96445fbc37bb1840efb93) Importer(815301076,1909f56bfc062723c751e8b465ee728b)  -> (artifact id: '08ee4cb0f41548e2b6cd32c43127c959') in 0.069094 seconds
Number of updated asset objects reloaded before import = 0
Number of asset objects unloaded after import = 1
========================================================================
Received Import Request.
  Time since last request: 0.000017 seconds.
  path: Assets/Rooms/Prefabs/1Door/Materials/tTexture.mat
  artifactKey: Guid(ab00aa1172b194e789b9c7d719292420) Importer(815301076,1909f56bfc062723c751e8b465ee728b)
Start importing Assets/Rooms/Prefabs/1Door/Materials/tTexture.mat using Guid(ab00aa1172b194e789b9c7d719292420) Importer(815301076,1909f56bfc062723c751e8b465ee728b)  -> (artifact id: '7ba363b0237c4209d5539e4e60a6d317') in 0.011641 seconds
Number of updated asset objects reloaded before import = 0
Number of asset objects unloaded after import = 1
========================================================================
Received Import Request.
  Time since last request: 24.575418 seconds.
  path: Assets/Rooms/Prefabs/1Door/Materials
  artifactKey: Guid(62f99c2783f8e486f934133b8580e61d) Importer(815301076,1909f56bfc062723c751e8b465ee728b)
Start importing Assets/Rooms/Prefabs/1Door/Materials using Guid(62f99c2783f8e486f934133b8580e61d) Importer(815301076,1909f56bfc062723c751e8b465ee728b)  -> (artifact id: '82e7a6c6ef275d87129545bb5ae1f903') in 0.000407 seconds
Number of updated asset objects reloaded before import = 0
Number of asset objects unloaded after import = 0
========================================================================
Received Import Request.
  Time since last request: 28.777650 seconds.
  path: Assets/Rooms/Prefabs/1Door/closedRoomTop 1.prefab
  artifactKey: Guid(adc3e0e8ed285844d9fc9be2084e94c8) Importer(815301076,1909f56bfc062723c751e8b465ee728b)
Start importing Assets/Rooms/Prefabs/1Door/closedRoomTop 1.prefab using Guid(adc3e0e8ed285844d9fc9be2084e94c8) Importer(815301076,1909f56bfc062723c751e8b465ee728b)  -> (artifact id: '8e9926ca91acce5fd40ef92bd4d8d30f') in 0.157295 seconds
Number of updated asset objects reloaded before import = 0
Number of asset objects unloaded after import = 218
========================================================================
Received Import Request.
  Time since last request: 9.322747 seconds.
  path: Assets/Rooms/Prefabs/1Door/Furnace
  artifactKey: Guid(3a468e63c41cec74da26f0ffdb99d38c) Importer(815301076,1909f56bfc062723c751e8b465ee728b)
Start importing Assets/Rooms/Prefabs/1Door/Furnace using Guid(3a468e63c41cec74da26f0ffdb99d38c) Importer(815301076,1909f56bfc062723c751e8b465ee728b)  -> (artifact id: 'b1abd4ebef8e4f028216056d01cfee74') in 0.000447 seconds
Number of updated asset objects reloaded before import = 0
Number of asset objects unloaded after import = 0
========================================================================
Received Import Request.
  Time since last request: 25.680607 seconds.
  path: Assets/Rooms/Prefabs/1Door/Furnace/closedRoomTop 1.prefab
  artifactKey: Guid(adc3e0e8ed285844d9fc9be2084e94c8) Importer(815301076,1909f56bfc062723c751e8b465ee728b)
Start importing Assets/Rooms/Prefabs/1Door/Furnace/closedRoomTop 1.prefab using Guid(adc3e0e8ed285844d9fc9be2084e94c8) Importer(815301076,1909f56bfc062723c751e8b465ee728b)  -> (artifact id: 'fc79ee9134fd48b807aca1ff6bad7425') in 0.049894 seconds
Number of updated asset objects reloaded before import = 0
Number of asset objects unloaded after import = 204
========================================================================
Received Import Request.
  Time since last request: 2.756664 seconds.
  path: Assets/Rooms/Prefabs/1Door/Furnace/closedRoomTop 1.prefab
  artifactKey: Guid(adc3e0e8ed285844d9fc9be2084e94c8) Importer(815301076,1909f56bfc062723c751e8b465ee728b)
Start importing Assets/Rooms/Prefabs/1Door/Furnace/closedRoomTop 1.prefab using Guid(adc3e0e8ed285844d9fc9be2084e94c8) Importer(815301076,1909f56bfc062723c751e8b465ee728b)  -> (artifact id: '5678f8811de4f39089cb891d1bd99959') in 0.047966 seconds
Number of updated asset objects reloaded before import = 0
Number of asset objects unloaded after import = 193
========================================================================
Received Import Request.
  Time since last request: 1.956006 seconds.
  path: Assets/Rooms/Prefabs/1Door/Furnace/closedRoomTop 1.prefab
  artifactKey: Guid(adc3e0e8ed285844d9fc9be2084e94c8) Importer(815301076,1909f56bfc062723c751e8b465ee728b)
Start importing Assets/Rooms/Prefabs/1Door/Furnace/closedRoomTop 1.prefab using Guid(adc3e0e8ed285844d9fc9be2084e94c8) Importer(815301076,1909f56bfc062723c751e8b465ee728b)  -> (artifact id: '42743e3ddfb7e5b86ea43ab8aa237476') in 0.023053 seconds
Number of updated asset objects reloaded before import = 0
Number of asset objects unloaded after import = 180
========================================================================
Received Import Request.
  Time since last request: 1.405519 seconds.
  path: Assets/Rooms/Prefabs/1Door/Furnace/closedRoomTop 1.prefab
  artifactKey: Guid(adc3e0e8ed285844d9fc9be2084e94c8) Importer(815301076,1909f56bfc062723c751e8b465ee728b)
Start importing Assets/Rooms/Prefabs/1Door/Furnace/closedRoomTop 1.prefab using Guid(adc3e0e8ed285844d9fc9be2084e94c8) Importer(815301076,1909f56bfc062723c751e8b465ee728b)  -> (artifact id: '6735774b5546401d2a57968aa2c3bf58') in 0.023392 seconds
Number of updated asset objects reloaded before import = 0
Number of asset objects unloaded after import = 169
========================================================================
Received Import Request.
  Time since last request: 8.405226 seconds.
  path: Assets/Rooms/Prefabs/1Door/Furnace/closedRoomTop 1.prefab
  artifactKey: Guid(adc3e0e8ed285844d9fc9be2084e94c8) Importer(815301076,1909f56bfc062723c751e8b465ee728b)
Start importing Assets/Rooms/Prefabs/1Door/Furnace/closedRoomTop 1.prefab using Guid(adc3e0e8ed285844d9fc9be2084e94c8) Importer(815301076,1909f56bfc062723c751e8b465ee728b)  -> (artifact id: '647dc2549e65408e48406dc8ec8bbac5') in 0.046584 seconds
Number of updated asset objects reloaded before import = 0
Number of asset objects unloaded after import = 171
========================================================================
Received Import Request.
  Time since last request: 8.629189 seconds.
  path: Assets/Rooms/Prefabs/1Door/Furnace/closedRoomTop 1.prefab
  artifactKey: Guid(adc3e0e8ed285844d9fc9be2084e94c8) Importer(815301076,1909f56bfc062723c751e8b465ee728b)
Start importing Assets/Rooms/Prefabs/1Door/Furnace/closedRoomTop 1.prefab using Guid(adc3e0e8ed285844d9fc9be2084e94c8) Importer(815301076,1909f56bfc062723c751e8b465ee728b)  -> (artifact id: '1c67d4446aa34e5198b8df700340eae8') in 0.061656 seconds
Number of updated asset objects reloaded before import = 0
Number of asset objects unloaded after import = 171
========================================================================
Received Import Request.
  Time since last request: 493.565900 seconds.
  path: Assets/Simple Modular Dungeon/Components/Texture Maps/ModularDungeonSeperatedMaterials_Metal (Candelabra Variation 001)_Albedo.png
  artifactKey: Guid(abfdd7677fc6b3d43943ffa7a117da15) Importer(815301076,1909f56bfc062723c751e8b465ee728b)
Start importing Assets/Simple Modular Dungeon/Components/Texture Maps/ModularDungeonSeperatedMaterials_Metal (Candelabra Variation 001)_Albedo.png using Guid(abfdd7677fc6b3d43943ffa7a117da15) Importer(815301076,1909f56bfc062723c751e8b465ee728b)  -> (artifact id: 'bd901397f39087962f1704134a00d62c') in 0.015057 seconds
Number of updated asset objects reloaded before import = 0
Number of asset objects unloaded after import = 2
========================================================================
Received Import Request.
  Time since last request: 0.000034 seconds.
  path: Assets/Simple Modular Dungeon/Components/Texture Maps/ModularDungeonSeperatedMaterials_Metal (Candelabra Variation 001)_Height.png
  artifactKey: Guid(e23cc93661d1f5142a74d6c87c895f74) Importer(815301076,1909f56bfc062723c751e8b465ee728b)
Start importing Assets/Simple Modular Dungeon/Components/Texture Maps/ModularDungeonSeperatedMaterials_Metal (Candelabra Variation 001)_Height.png using Guid(e23cc93661d1f5142a74d6c87c895f74) Importer(815301076,1909f56bfc062723c751e8b465ee728b)  -> (artifact id: '15b564e6acd49b72b4f165439517f672') in 0.010432 seconds
Number of updated asset objects reloaded before import = 0
Number of asset objects unloaded after import = 2
========================================================================
Received Import Request.
  Time since last request: 0.000013 seconds.
  path: Assets/Simple Modular Dungeon/Components/Texture Maps/ModularDungeonSeperatedMaterials_Metal (Candelabra Variation 001)_Metallic.png
  artifactKey: Guid(5750b2fafdc9d8047988557533ed9748) Importer(815301076,1909f56bfc062723c751e8b465ee728b)
Start importing Assets/Simple Modular Dungeon/Components/Texture Maps/ModularDungeonSeperatedMaterials_Metal (Candelabra Variation 001)_Metallic.png using Guid(5750b2fafdc9d8047988557533ed9748) Importer(815301076,1909f56bfc062723c751e8b465ee728b)  -> (artifact id: '8ceba2579436e98a6be36f09f1764d07') in 0.014103 seconds
Number of updated asset objects reloaded before import = 0
Number of asset objects unloaded after import = 2
========================================================================
Received Import Request.
  Time since last request: 0.000011 seconds.
  path: Assets/Simple Modular Dungeon/Components/Texture Maps/ModularDungeonSeperatedMaterials_Metal (Candelabra Variation 001)_Normal.png
  artifactKey: Guid(cd5831b9e466b0545ac5fd7acbe7528f) Importer(815301076,1909f56bfc062723c751e8b465ee728b)
Start importing Assets/Simple Modular Dungeon/Components/Texture Maps/ModularDungeonSeperatedMaterials_Metal (Candelabra Variation 001)_Normal.png using Guid(cd5831b9e466b0545ac5fd7acbe7528f) Importer(815301076,1909f56bfc062723c751e8b465ee728b)  -> (artifact id: 'eaf9bc3633850911720675b2a3668147') in 0.011097 seconds
Number of updated asset objects reloaded before import = 0
Number of asset objects unloaded after import = 2
========================================================================
Received Import Request.
  Time since last request: 0.000011 seconds.
  path: Assets/Simple Modular Dungeon/Components/Texture Maps/ModularDungeonSeperatedMaterials_Wax (Candelabra Variation 001)_Height.png
  artifactKey: Guid(87941eb16680759439f0469bd7594f02) Importer(815301076,1909f56bfc062723c751e8b465ee728b)
Start importing Assets/Simple Modular Dungeon/Components/Texture Maps/ModularDungeonSeperatedMaterials_Wax (Candelabra Variation 001)_Height.png using Guid(87941eb16680759439f0469bd7594f02) Importer(815301076,1909f56bfc062723c751e8b465ee728b)  -> (artifact id: '8223c4eb5459b29268ac5bb877d29e7a') in 0.008859 seconds
Number of updated asset objects reloaded before import = 0
Number of asset objects unloaded after import = 2
========================================================================
Received Import Request.
  Time since last request: 0.000027 seconds.
  path: Assets/Simple Modular Dungeon/Components/Texture Maps/ModularDungeonSeperatedMaterials_Wax (Candle Variation 001)_Albedo.png
  artifactKey: Guid(13a9b397fadd3e841a70085205633728) Importer(815301076,1909f56bfc062723c751e8b465ee728b)
Start importing Assets/Simple Modular Dungeon/Components/Texture Maps/ModularDungeonSeperatedMaterials_Wax (Candle Variation 001)_Albedo.png using Guid(13a9b397fadd3e841a70085205633728) Importer(815301076,1909f56bfc062723c751e8b465ee728b)  -> (artifact id: '7a662769320b7a8edc5a6becbe94bb7a') in 0.007347 seconds
Number of updated asset objects reloaded before import = 0
Number of asset objects unloaded after import = 2
========================================================================
Received Import Request.
  Time since last request: 0.000011 seconds.
  path: Assets/Simple Modular Dungeon/Components/Texture Maps/ModularDungeonSeperatedMaterials_Wax (Candelabra Variation 001)_Metallic.png
  artifactKey: Guid(5ac8ddf82df37a6478b5cf3732db03ba) Importer(815301076,1909f56bfc062723c751e8b465ee728b)
Start importing Assets/Simple Modular Dungeon/Components/Texture Maps/ModularDungeonSeperatedMaterials_Wax (Candelabra Variation 001)_Metallic.png using Guid(5ac8ddf82df37a6478b5cf3732db03ba) Importer(815301076,1909f56bfc062723c751e8b465ee728b)  -> (artifact id: '9d1857cd20932090b003cb940768853c') in 0.007509 seconds
Number of updated asset objects reloaded before import = 0
Number of asset objects unloaded after import = 2
========================================================================
Received Import Request.
  Time since last request: 0.000009 seconds.
  path: Assets/Simple Modular Dungeon/Components/Texture Maps/ModularDungeonSeperatedMaterials_Wax (Candle Variation 001)_Height.png
  artifactKey: Guid(ac75911f9ec7c5548b0e40725e537e1d) Importer(815301076,1909f56bfc062723c751e8b465ee728b)
Start importing Assets/Simple Modular Dungeon/Components/Texture Maps/ModularDungeonSeperatedMaterials_Wax (Candle Variation 001)_Height.png using Guid(ac75911f9ec7c5548b0e40725e537e1d) Importer(815301076,1909f56bfc062723c751e8b465ee728b)  -> (artifact id: '120c80ca75b10859670aa466edee3340') in 0.004474 seconds
Number of updated asset objects reloaded before import = 0
Number of asset objects unloaded after import = 2
========================================================================
Received Import Request.
  Time since last request: 0.000073 seconds.
  path: Assets/Simple Modular Dungeon/Components/Texture Maps/ModularDungeonSeperatedMaterials_Wax (Candle Variation 001)_Metallic.png
  artifactKey: Guid(40d381f1fa0912b4e855687f8304a1d9) Importer(815301076,1909f56bfc062723c751e8b465ee728b)
Start importing Assets/Simple Modular Dungeon/Components/Texture Maps/ModularDungeonSeperatedMaterials_Wax (Candle Variation 001)_Metallic.png using Guid(40d381f1fa0912b4e855687f8304a1d9) Importer(815301076,1909f56bfc062723c751e8b465ee728b)  -> (artifact id: '2c64e895b8728d6a329d3f70831dd095') in 0.004036 seconds
Number of updated asset objects reloaded before import = 0
Number of asset objects unloaded after import = 2
========================================================================
Received Import Request.
  Time since last request: 0.000525 seconds.
  path: Assets/Simple Modular Dungeon/Components/Texture Maps/ModularDungeonSeperatedMaterials_Wick (Candelabra Variation 001)_Albedo.png
  artifactKey: Guid(e2db43cd2be48dc4896b3674a8046ac6) Importer(815301076,1909f56bfc062723c751e8b465ee728b)
Start importing Assets/Simple Modular Dungeon/Components/Texture Maps/ModularDungeonSeperatedMaterials_Wick (Candelabra Variation 001)_Albedo.png using Guid(e2db43cd2be48dc4896b3674a8046ac6) Importer(815301076,1909f56bfc062723c751e8b465ee728b)  -> (artifact id: '90d806f1a030a0271898ede1d364bf33') in 0.008814 seconds
Number of updated asset objects reloaded before import = 0
Number of asset objects unloaded after import = 2
========================================================================
Received Import Request.
  Time since last request: 0.000036 seconds.
  path: Assets/Simple Modular Dungeon/Components/Texture Maps/ModularDungeonSeperatedMaterials_Wick (Candelabra Variation 001)_AmbientOcclusion.png
  artifactKey: Guid(2380bb4790616c94bb1153758e52924d) Importer(815301076,1909f56bfc062723c751e8b465ee728b)
Start importing Assets/Simple Modular Dungeon/Components/Texture Maps/ModularDungeonSeperatedMaterials_Wick (Candelabra Variation 001)_AmbientOcclusion.png using Guid(2380bb4790616c94bb1153758e52924d) Importer(815301076,1909f56bfc062723c751e8b465ee728b)  -> (artifact id: '5c00498f74cf4e490f23a9381cc1f95e') in 0.008069 seconds
Number of updated asset objects reloaded before import = 0
Number of asset objects unloaded after import = 2
========================================================================
Received Import Request.
  Time since last request: 0.000023 seconds.
  path: Assets/Simple Modular Dungeon/Components/Texture Maps/ModularDungeonSeperatedMaterials_Wick (Candelabra Variation 001)_MaskMap.png
  artifactKey: Guid(70db69fef09503f4888caaa793513f71) Importer(815301076,1909f56bfc062723c751e8b465ee728b)
Start importing Assets/Simple Modular Dungeon/Components/Texture Maps/ModularDungeonSeperatedMaterials_Wick (Candelabra Variation 001)_MaskMap.png using Guid(70db69fef09503f4888caaa793513f71) Importer(815301076,1909f56bfc062723c751e8b465ee728b)  -> (artifact id: '18755640c8a4949252321d20dad766b6') in 0.009236 seconds
Number of updated asset objects reloaded before import = 0
Number of asset objects unloaded after import = 2
========================================================================
Received Import Request.
  Time since last request: 0.002730 seconds.
  path: Assets/Simple Modular Dungeon/Components/Texture Maps/ModularDungeonSeperatedMaterials_Wick (Candle Variation 001)_Albedo.png
  artifactKey: Guid(6270d0503adf8274c980bd7713fa4773) Importer(815301076,1909f56bfc062723c751e8b465ee728b)
Start importing Assets/Simple Modular Dungeon/Components/Texture Maps/ModularDungeonSeperatedMaterials_Wick (Candle Variation 001)_Albedo.png using Guid(6270d0503adf8274c980bd7713fa4773) Importer(815301076,1909f56bfc062723c751e8b465ee728b)  -> (artifact id: '3ff9dd0c6f90f11af995a75402bbfcc2') in 0.008250 seconds
Number of updated asset objects reloaded before import = 0
Number of asset objects unloaded after import = 2
========================================================================
Received Import Request.
  Time since last request: 0.002880 seconds.
  path: Assets/Simple Modular Dungeon/Components/Texture Maps/ModularDungeonSeperatedMaterials_Wick (Candle Variation 001)_Height.png
  artifactKey: Guid(f34bac75f44f9a24a9755d2cfb98f487) Importer(815301076,1909f56bfc062723c751e8b465ee728b)
Start importing Assets/Simple Modular Dungeon/Components/Texture Maps/ModularDungeonSeperatedMaterials_Wick (Candle Variation 001)_Height.png using Guid(f34bac75f44f9a24a9755d2cfb98f487) Importer(815301076,1909f56bfc062723c751e8b465ee728b)  -> (artifact id: '6dbf20cb36a14b43cb8f0781736366db') in 0.004198 seconds
Number of updated asset objects reloaded before import = 0
Number of asset objects unloaded after import = 2
========================================================================
Received Import Request.
  Time since last request: 0.003846 seconds.
  path: Assets/Simple Modular Dungeon/Components/Texture Maps/ModularDungeonSeperatedMaterials_Wick (Candle Variation 001)_Metallic.png
  artifactKey: Guid(4d760fd4ac6e92d4fa58b91bab82f3e1) Importer(815301076,1909f56bfc062723c751e8b465ee728b)
Start importing Assets/Simple Modular Dungeon/Components/Texture Maps/ModularDungeonSeperatedMaterials_Wick (Candle Variation 001)_Metallic.png using Guid(4d760fd4ac6e92d4fa58b91bab82f3e1) Importer(815301076,1909f56bfc062723c751e8b465ee728b)  -> (artifact id: '52370f2ba4f0671796718451d156c709') in 0.004546 seconds
Number of updated asset objects reloaded before import = 0
Number of asset objects unloaded after import = 2
========================================================================
Received Import Request.
  Time since last request: 0.000179 seconds.
  path: Assets/Simple Modular Dungeon/Components/Texture Maps/ModularDungeonSeperatedMaterials_Wick (Candle Variation 001)_Normal.png
  artifactKey: Guid(35fa8c55659fc334dbad6a08b4a09bae) Importer(815301076,1909f56bfc062723c751e8b465ee728b)
Start importing Assets/Simple Modular Dungeon/Components/Texture Maps/ModularDungeonSeperatedMaterials_Wick (Candle Variation 001)_Normal.png using Guid(35fa8c55659fc334dbad6a08b4a09bae) Importer(815301076,1909f56bfc062723c751e8b465ee728b)  -> (artifact id: '385713d868eeaf40288d53d5e30592fc') in 0.007642 seconds
Number of updated asset objects reloaded before import = 0
Number of asset objects unloaded after import = 2
========================================================================
Received Import Request.
  Time since last request: 0.010422 seconds.
  path: Assets/PolygonDungeon/Models/SM_Env_Entrance_Crypt_01.fbx
  artifactKey: Guid(5ac1505de94519f47a9c996212b0b2bc) Importer(815301076,1909f56bfc062723c751e8b465ee728b)
Start importing Assets/PolygonDungeon/Models/SM_Env_Entrance_Crypt_01.fbx using Guid(5ac1505de94519f47a9c996212b0b2bc) Importer(815301076,1909f56bfc062723c751e8b465ee728b)  -> (artifact id: '1a5ee67b045a15f6add5ed69231bd577') in 0.020523 seconds
Number of updated asset objects reloaded before import = 0
Number of asset objects unloaded after import = 7
========================================================================
Received Import Request.
  Time since last request: 0.000012 seconds.
  path: Assets/PolygonDungeon/Models/SM_Env_Entrance_Crypt_03.fbx
  artifactKey: Guid(728728af61c7d2d4fb2cfca2425f84d0) Importer(815301076,1909f56bfc062723c751e8b465ee728b)
Start importing Assets/PolygonDungeon/Models/SM_Env_Entrance_Crypt_03.fbx using Guid(728728af61c7d2d4fb2cfca2425f84d0) Importer(815301076,1909f56bfc062723c751e8b465ee728b)  -> (artifact id: 'a8ad777d6b558da3f894936c6a41c88d') in 0.012400 seconds
Number of updated asset objects reloaded before import = 0
Number of asset objects unloaded after import = 7
========================================================================
Received Import Request.
  Time since last request: 0.000010 seconds.
  path: Assets/PolygonDungeon/Models/SM_Env_Entrance_Large_01.fbx
  artifactKey: Guid(3c492eb6e747c624aa4dee6a01a2d021) Importer(815301076,1909f56bfc062723c751e8b465ee728b)
Start importing Assets/PolygonDungeon/Models/SM_Env_Entrance_Large_01.fbx using Guid(3c492eb6e747c624aa4dee6a01a2d021) Importer(815301076,1909f56bfc062723c751e8b465ee728b)  -> (artifact id: '414df94b4bbc661a930bc6a0e89b754d') in 0.011423 seconds
Number of updated asset objects reloaded before import = 0
Number of asset objects unloaded after import = 7
========================================================================
Received Import Request.
  Time since last request: 0.000080 seconds.
  path: Assets/PolygonDungeon/Models/CollisionConvex/SM_Env_Entrance_Large_01_Convex.asset
  artifactKey: Guid(69ace2af9edce834cae9aac12494d5c8) Importer(815301076,1909f56bfc062723c751e8b465ee728b)
Start importing Assets/PolygonDungeon/Models/CollisionConvex/SM_Env_Entrance_Large_01_Convex.asset using Guid(69ace2af9edce834cae9aac12494d5c8) Importer(815301076,1909f56bfc062723c751e8b465ee728b)  -> (artifact id: 'ba041a3481b10dca7d6fffdbe7c3c736') in 0.012599 seconds
Number of updated asset objects reloaded before import = 0
Number of asset objects unloaded after import = 2
========================================================================
Received Import Request.
  Time since last request: 0.000024 seconds.
  path: Assets/PolygonDungeon/Models/SM_Env_Entrance_Crypt_02.fbx
  artifactKey: Guid(82dbd7e056798da4db4958fc7dc79cd1) Importer(815301076,1909f56bfc062723c751e8b465ee728b)
Start importing Assets/PolygonDungeon/Models/SM_Env_Entrance_Crypt_02.fbx using Guid(82dbd7e056798da4db4958fc7dc79cd1) Importer(815301076,1909f56bfc062723c751e8b465ee728b)  -> (artifact id: 'ac1f731038fa92c81da3b21cab67d676') in 0.010048 seconds
Number of updated asset objects reloaded before import = 0
Number of asset objects unloaded after import = 7
========================================================================
Received Import Request.
  Time since last request: 0.000017 seconds.
  path: Assets/PolygonDungeon/Models/CollisionConvex/SM_Env_Entrance_Small_01_Convex 1.asset
  artifactKey: Guid(dbd97c68d75b277448a09c73db33acac) Importer(815301076,1909f56bfc062723c751e8b465ee728b)
Start importing Assets/PolygonDungeon/Models/CollisionConvex/SM_Env_Entrance_Small_01_Convex 1.asset using Guid(dbd97c68d75b277448a09c73db33acac) Importer(815301076,1909f56bfc062723c751e8b465ee728b)  -> (artifact id: '4df71f6013242c52975a161f460dc4c8') in 0.015730 seconds
Number of updated asset objects reloaded before import = 0
Number of asset objects unloaded after import = 4
========================================================================
Received Import Request.
  Time since last request: 0.000010 seconds.
  path: Assets/PolygonDungeon/Models/CollisionConvex/SM_Env_MineTunnel_Entrance_01_Convex.asset
  artifactKey: Guid(2c9e264fd5e214543a5ff4c903d1f798) Importer(815301076,1909f56bfc062723c751e8b465ee728b)
Start importing Assets/PolygonDungeon/Models/CollisionConvex/SM_Env_MineTunnel_Entrance_01_Convex.asset using Guid(2c9e264fd5e214543a5ff4c903d1f798) Importer(815301076,1909f56bfc062723c751e8b465ee728b)  -> (artifact id: 'e5a4f0fe4a15e0c1ab7b734fe5633540') in 0.010314 seconds
Number of updated asset objects reloaded before import = 0
Number of asset objects unloaded after import = 2
========================================================================
Received Import Request.
  Time since last request: 0.000011 seconds.
  path: Assets/PolygonDungeon/Models/SM_Env_Mushroom_Giant_01.fbx
  artifactKey: Guid(4c74bcd67ddd4b747a6276006bff4c76) Importer(815301076,1909f56bfc062723c751e8b465ee728b)
Start importing Assets/PolygonDungeon/Models/SM_Env_Mushroom_Giant_01.fbx using Guid(4c74bcd67ddd4b747a6276006bff4c76) Importer(815301076,1909f56bfc062723c751e8b465ee728b)  -> (artifact id: '1a277ef05cf46a3b35ba6cd823591433') in 0.010327 seconds
Number of updated asset objects reloaded before import = 0
Number of asset objects unloaded after import = 7
========================================================================
Received Import Request.
  Time since last request: 0.000019 seconds.
  path: Assets/PolygonDungeon/Models/CollisionConvex/SM_Env_Mushroom_Giant_02_Convex.asset
  artifactKey: Guid(a424998d0c161d840beb55d836525e92) Importer(815301076,1909f56bfc062723c751e8b465ee728b)
Start importing Assets/PolygonDungeon/Models/CollisionConvex/SM_Env_Mushroom_Giant_02_Convex.asset using Guid(a424998d0c161d840beb55d836525e92) Importer(815301076,1909f56bfc062723c751e8b465ee728b)  -> (artifact id: 'fd97a5ae35186664766d84f40f289b2a') in 0.007875 seconds
Number of updated asset objects reloaded before import = 0
Number of asset objects unloaded after import = 2
========================================================================
Received Import Request.
  Time since last request: 0.000024 seconds.
  path: Assets/PolygonDungeon/Models/CollisionConvex/SM_Env_Mushroom_Giant_03_Convex.asset
  artifactKey: Guid(70b16b831baab00469fce3f46cd7c7b1) Importer(815301076,1909f56bfc062723c751e8b465ee728b)
Start importing Assets/PolygonDungeon/Models/CollisionConvex/SM_Env_Mushroom_Giant_03_Convex.asset using Guid(70b16b831baab00469fce3f46cd7c7b1) Importer(815301076,1909f56bfc062723c751e8b465ee728b)  -> (artifact id: 'a61db5e7d0c018f41f2edf03b6f340cc') in 0.007818 seconds
Number of updated asset objects reloaded before import = 0
Number of asset objects unloaded after import = 2
========================================================================
Received Import Request.
  Time since last request: 0.000013 seconds.
  path: Assets/PolygonDungeon/Models/CollisionConvex/SM_Env_Mushroom_Giant_04_Convex.asset
  artifactKey: Guid(04a9e0e8c051e03408797c29cc63dd07) Importer(815301076,1909f56bfc062723c751e8b465ee728b)
Start importing Assets/PolygonDungeon/Models/CollisionConvex/SM_Env_Mushroom_Giant_04_Convex.asset using Guid(04a9e0e8c051e03408797c29cc63dd07) Importer(815301076,1909f56bfc062723c751e8b465ee728b)  -> (artifact id: '7dac8b409fabba03c4ba04b49aaa3e27') in 0.008096 seconds
Number of updated asset objects reloaded before import = 0
Number of asset objects unloaded after import = 2
========================================================================
Received Import Request.
  Time since last request: 0.000030 seconds.
  path: Assets/PolygonDungeon/Models/SM_Env_Mushroom_Giant_03.fbx
  artifactKey: Guid(84196a5049e8ae942809dc5c63464b9a) Importer(815301076,1909f56bfc062723c751e8b465ee728b)
Start importing Assets/PolygonDungeon/Models/SM_Env_Mushroom_Giant_03.fbx using Guid(84196a5049e8ae942809dc5c63464b9a) Importer(815301076,1909f56bfc062723c751e8b465ee728b)  -> (artifact id: 'ac693e22c870031c27d377817de8f0c0') in 0.010966 seconds
Number of updated asset objects reloaded before import = 0
Number of asset objects unloaded after import = 7
========================================================================
Received Import Request.
  Time since last request: 0.000012 seconds.
  path: Assets/PolygonDungeon/Models/SM_Env_Railing_Angle_01.fbx
  artifactKey: Guid(e892b5f7d2907064285a8010cbcc8bed) Importer(815301076,1909f56bfc062723c751e8b465ee728b)
Start importing Assets/PolygonDungeon/Models/SM_Env_Railing_Angle_01.fbx using Guid(e892b5f7d2907064285a8010cbcc8bed) Importer(815301076,1909f56bfc062723c751e8b465ee728b)  -> (artifact id: 'c882ac33082c80308c1b4c0b2eb7331f') in 0.011444 seconds
Number of updated asset objects reloaded before import = 0
Number of asset objects unloaded after import = 7
========================================================================
Received Import Request.
  Time since last request: 0.000010 seconds.
  path: Assets/PolygonDungeon/Models/CollisionConvex/SM_Env_Mushroom_Giant_05_Convex.asset
  artifactKey: Guid(689e1f9e37d00bd40b26fb02546d9fb8) Importer(815301076,1909f56bfc062723c751e8b465ee728b)
Start importing Assets/PolygonDungeon/Models/CollisionConvex/SM_Env_Mushroom_Giant_05_Convex.asset using Guid(689e1f9e37d00bd40b26fb02546d9fb8) Importer(815301076,1909f56bfc062723c751e8b465ee728b)  -> (artifact id: 'd2b1a1795273ef90dabb788d4e097ec9') in 0.011744 seconds
Number of updated asset objects reloaded before import = 0
Number of asset objects unloaded after import = 2
========================================================================
Received Import Request.
  Time since last request: 0.000010 seconds.
  path: Assets/PolygonDungeon/Models/CollisionConvex/SM_Env_Entrance_Crypt_03_Convex.asset
  artifactKey: Guid(9404e38aa0104a64e9de4005e42c0849) Importer(815301076,1909f56bfc062723c751e8b465ee728b)
Start importing Assets/PolygonDungeon/Models/CollisionConvex/SM_Env_Entrance_Crypt_03_Convex.asset using Guid(9404e38aa0104a64e9de4005e42c0849) Importer(815301076,1909f56bfc062723c751e8b465ee728b)  -> (artifact id: '69c05ccd04a20326132ffed4c377693d') in 0.018130 seconds
Number of updated asset objects reloaded before import = 0
Number of asset objects unloaded after import = 2
========================================================================
Received Import Request.
  Time since last request: 0.000018 seconds.
  path: Assets/PolygonDungeon/Models/CollisionConvex/SM_Env_Entrance_Crypt_03_Convex 1.asset
  artifactKey: Guid(883c6d003c86f7b4a9e9b8f20470c72a) Importer(815301076,1909f56bfc062723c751e8b465ee728b)
Start importing Assets/PolygonDungeon/Models/CollisionConvex/SM_Env_Entrance_Crypt_03_Convex 1.asset using Guid(883c6d003c86f7b4a9e9b8f20470c72a) Importer(815301076,1909f56bfc062723c751e8b465ee728b)  -> (artifact id: '6c2560c3ab75dc0ef8d2fc554f8efaa7') in 0.032390 seconds
Number of updated asset objects reloaded before import = 0
Number of asset objects unloaded after import = 4
========================================================================
Received Import Request.
  Time since last request: 0.000011 seconds.
  path: Assets/PolygonDungeon/Models/CollisionConvex/SM_Env_Entrance_Small_01_Convex.asset
  artifactKey: Guid(05f766d86e0bf8343b36196d558f463f) Importer(815301076,1909f56bfc062723c751e8b465ee728b)
Start importing Assets/PolygonDungeon/Models/CollisionConvex/SM_Env_Entrance_Small_01_Convex.asset using Guid(05f766d86e0bf8343b36196d558f463f) Importer(815301076,1909f56bfc062723c751e8b465ee728b)  -> (artifact id: '932917043f52a20822888b45cfa1780a') in 0.016521 seconds
Number of updated asset objects reloaded before import = 0
Number of asset objects unloaded after import = 2
